0 verbose cli C:\Program Files\nodejs\node.exe C:\Program Files\nodejs\node_modules\npm\bin\npm-cli.js
1 info using npm@11.9.0
0 verbose cli C:\Program Files\nodejs\node.exe C:\Program Files\nodejs\node_modules\npm\bin\npm-cli.js
2 info using node@v24.14.0
3 silly config load:file:C:\Program Files\nodejs\node_modules\npm\npmrc
4 silly config load:file:D:\portfolio 3\.npmrc
5 silly config load:file:C:\Users\rajgu\.npmrc
1 info using npm@11.9.0
6 silly config load:file:C:\Users\rajgu\AppData\Roaming\npm\etc\npmrc
7 verbose title npm exec @playwright/cli --help
2 info using node@v24.14.0
8 verbose argv "exec" "--yes" "--" "@playwright/cli" "--help"
3 silly config load:file:C:\Program Files\nodejs\node_modules\npm\npmrc
9 verbose logfile logs-max:10 dir:D:\portfolio 3\output\npm-cache\_logs\2026-03-31T09_48_41_947Z-
4 silly config load:file:D:\portfolio 3\.npmrc
5 silly config load:file:C:\Users\rajgu\.npmrc
6 silly config load:file:C:\Users\rajgu\AppData\Roaming\npm\etc\npmrc
7 verbose title npm exec playwright-cli --help
10 verbose logfile D:\portfolio 3\output\npm-cache\_logs\2026-03-31T09_48_41_947Z-debug-0.log
8 verbose argv "exec" "--yes" "--" "playwright-cli" "--help"
9 verbose logfile logs-max:10 dir:D:\portfolio 3\output\npm-cache\_logs\2026-03-31T09_48_41_947Z-
10 verbose logfile D:\portfolio 3\output\npm-cache\_logs\2026-03-31T09_48_41_947Z-debug-0.log
11 silly logfile done cleaning log files
11 silly logfile done cleaning log files
12 silly packumentCache heap:4496293888 maxSize:1124073472 maxEntrySize:562036736
12 silly packumentCache heap:4496293888 maxSize:1124073472 maxEntrySize:562036736
13 http fetch GET 200 https://registry.npmjs.org/@playwright%2fcli 505ms (cache miss)
14 silly packumentCache heap:4496293888 maxSize:1124073472 maxEntrySize:562036736
15 silly packumentCache heap:4496293888 maxSize:1124073472 maxEntrySize:562036736
16 silly idealTree buildDeps
17 silly fetch manifest @playwright/cli@0.1.1
18 silly packumentCache full:https://registry.npmjs.org/@playwright%2fcli cache-miss
13 http fetch GET 200 https://registry.npmjs.org/playwright-cli 734ms (cache miss)
14 verbose stack Error: could not determine executable to run
14 verbose stack     at getBinFromManifest (C:\Program Files\nodejs\node_modules\npm\node_modules\libnpmexec\lib\get-bin-from-manifest.js:17:23)
14 verbose stack     at exec (C:\Program Files\nodejs\node_modules\npm\node_modules\libnpmexec\lib\index.js:211:15)
14 verbose stack     at async Npm.exec (C:\Program Files\nodejs\node_modules\npm\lib\npm.js:208:9)
14 verbose stack     at async module.exports (C:\Program Files\nodejs\node_modules\npm\lib\cli\entry.js:67:5)
15 verbose pkgid playwright-cli@0.262.0
16 error could not determine executable to run
17 verbose cwd D:\portfolio 3
18 verbose os Windows_NT 10.0.26200
19 verbose node v24.14.0
20 verbose npm  v11.9.0
21 verbose exit 1
22 verbose code 1
23 error A complete log of this run can be found in: D:\portfolio 3\output\npm-cache\_logs\2026-03-31T09_48_41_947Z-debug-0.log
19 http fetch GET 200 https://registry.npmjs.org/npm 1058ms
20 http fetch GET 200 https://registry.npmjs.org/@playwright%2fcli 1129ms (cache miss)
21 silly packumentCache full:https://registry.npmjs.org/@playwright%2fcli set size:undefined disposed:false
22 silly placeDep ROOT @playwright/cli@0.1.1 OK for:  want: 0.1.1
23 silly fetch manifest minimist@^1.2.5
24 silly packumentCache full:https://registry.npmjs.org/minimist cache-miss
25 silly fetch manifest playwright@1.59.0-alpha-1771104257000
26 silly packumentCache full:https://registry.npmjs.org/playwright cache-miss
27 http fetch GET 200 https://registry.npmjs.org/minimist 86ms (cache miss)
28 silly packumentCache full:https://registry.npmjs.org/minimist set size:undefined disposed:false
29 http fetch GET 200 https://registry.npmjs.org/playwright 4465ms (cache miss)
30 silly packumentCache full:https://registry.npmjs.org/playwright set size:undefined disposed:false
31 silly placeDep ROOT minimist@1.2.8 OK for: @playwright/cli@0.1.1 want: ^1.2.5
32 silly placeDep ROOT playwright@1.59.0-alpha-1771104257000 OK for: @playwright/cli@0.1.1 want: 1.59.0-alpha-1771104257000
33 silly fetch manifest playwright-core@1.59.0-alpha-1771104257000
34 silly packumentCache full:https://registry.npmjs.org/playwright-core cache-miss
35 silly fetch manifest fsevents@2.3.2
36 silly packumentCache full:https://registry.npmjs.org/fsevents cache-miss
37 http fetch GET 200 https://registry.npmjs.org/fsevents 174ms (cache miss)
38 silly packumentCache full:https://registry.npmjs.org/fsevents set size:undefined disposed:false
39 http fetch GET 200 https://registry.npmjs.org/playwright-core 10393ms (cache miss)
40 silly packumentCache full:https://registry.npmjs.org/playwright-core set size:undefined disposed:false
41 silly placeDep ROOT fsevents@2.3.2 OK for: playwright@1.59.0-alpha-1771104257000 want: 2.3.2
42 silly placeDep ROOT playwright-core@1.59.0-alpha-1771104257000 OK for: playwright@1.59.0-alpha-1771104257000 want: 1.59.0-alpha-1771104257000
43 silly reify moves {}
44 silly audit bulk request {
44 silly audit   '@playwright/cli': [ '0.1.1' ],
44 silly audit   minimist: [ '1.2.8' ],
44 silly audit   playwright: [ '1.59.0-alpha-1771104257000' ],
44 silly audit   fsevents: [ '2.3.2' ],
44 silly audit   'playwright-core': [ '1.59.0-alpha-1771104257000' ]
44 silly audit }
45 http cache playwright-core@https://registry.npmjs.org/playwright-core/-/playwright-core-1.59.0-alpha-1771104257000.tgz 2ms (cache hit)
46 http cache playwright@https://registry.npmjs.org/playwright/-/playwright-1.59.0-alpha-1771104257000.tgz 0ms (cache hit)
47 http cache minimist@https://registry.npmjs.org/minimist/-/minimist-1.2.8.tgz 0ms (cache hit)
48 http cache @playwright/cli@https://registry.npmjs.org/@playwright/cli/-/cli-0.1.1.tgz 0ms (cache hit)
49 silly tarball no local data for playwright-core@https://registry.npmjs.org/playwright-core/-/playwright-core-1.59.0-alpha-1771104257000.tgz. Extracting by manifest.
50 silly tarball no local data for playwright@https://registry.npmjs.org/playwright/-/playwright-1.59.0-alpha-1771104257000.tgz. Extracting by manifest.
51 silly tarball no local data for minimist@https://registry.npmjs.org/minimist/-/minimist-1.2.8.tgz. Extracting by manifest.
52 silly tarball no local data for @playwright/cli@https://registry.npmjs.org/@playwright/cli/-/cli-0.1.1.tgz. Extracting by manifest.
53 http fetch POST 200 https://registry.npmjs.org/-/npm/v1/security/advisories/bulk 389ms
54 silly audit report {}
55 http fetch GET 200 https://registry.npmjs.org/minimist/-/minimist-1.2.8.tgz 697ms (cache miss)
56 http fetch GET 200 https://registry.npmjs.org/@playwright/cli/-/cli-0.1.1.tgz 793ms (cache miss)
57 http fetch GET 200 https://registry.npmjs.org/playwright/-/playwright-1.59.0-alpha-1771104257000.tgz 3201ms (cache miss)
58 http fetch GET 200 https://registry.npmjs.org/playwright-core/-/playwright-core-1.59.0-alpha-1771104257000.tgz 5610ms (cache miss)
59 verbose cwd D:\portfolio 3
60 verbose os Windows_NT 10.0.26200
61 verbose node v24.14.0
62 verbose npm  v11.9.0
63 notice
63 notice New minor version of npm available! 11.9.0 -> 11.12.1
63 notice Changelog: https://github.com/npm/cli/releases/tag/v11.12.1
63 notice To update run: npm install -g npm@11.12.1
63 notice  { force: true, Symbol(proc-log.meta): true }
64 verbose exit 0
65 info ok
