0 verbose cli C:\Program Files\nodejs\node.exe C:\Program Files\nodejs\node_modules\npm\bin\npm-cli.js
1 info using npm@11.9.0
2 info using node@v24.14.0
3 silly config load:file:C:\Program Files\nodejs\node_modules\npm\npmrc
4 silly config load:file:D:\portfolio 3\.npmrc
5 silly config load:file:C:\Users\rajgu\.npmrc
6 silly config load:file:C:\Users\rajgu\AppData\Roaming\npm\etc\npmrc
7 verbose title npm exec @playwright/cli install-browser
8 verbose argv "exec" "--yes" "--" "@playwright/cli" "install-browser"
9 verbose logfile logs-max:10 dir:D:\portfolio 3\output\npm-cache\_logs\2026-03-31T09_49_12_456Z-
10 verbose logfile D:\portfolio 3\output\npm-cache\_logs\2026-03-31T09_49_12_456Z-debug-0.log
11 silly logfile done cleaning log files
12 silly packumentCache heap:4496293888 maxSize:1124073472 maxEntrySize:562036736
13 http fetch GET 200 https://registry.npmjs.org/@playwright%2fcli 193ms (cache revalidated)
14 silly packumentCache heap:4496293888 maxSize:1124073472 maxEntrySize:562036736
15 silly packumentCache heap:4496293888 maxSize:1124073472 maxEntrySize:562036736
16 verbose cwd D:\portfolio 3
17 verbose os Windows_NT 10.0.26200
18 verbose node v24.14.0
19 verbose npm  v11.9.0
20 verbose exit 1
21 verbose code 1
